k=  4 C=   1 B= 4096 generate   cpu:      1.43 us/sample
k=  4 C=   1 B= 4096 f(A) eigh  cpu:      2.83 us/sample
k=  4 C=   1 B= 4096 |A| SVD    cpu:      6.42 us/sample
k=  4 C=   1 B= 4096 contrast   cpu:      1.44 us/sample
k=  4 C=   1 B= 4096 channel    cpu:      0.52 us/sample
k=  4 C=   1 B= 4096 exp(tL)    cpu:     53.57 us/sample
k=  4 C=   1 B= 4096 opt. step  cpu:      9.80 us/sample
k=  4 C=  16 B= 1024 generate   cpu:     27.65 us/sample
k=  4 C=  16 B= 1024 f(A) eigh  cpu:     43.30 us/sample
k=  4 C=  16 B= 1024 |A| SVD    cpu:     85.24 us/sample
k=  4 C=  16 B= 1024 contrast   cpu:     21.28 us/sample
k=  4 C=  16 B= 1024 channel    cpu:      4.16 us/sample
k=  4 C=  16 B= 1024 exp(tL)    cpu:    847.35 us/sample
k=  4 C=  16 B= 1024 opt. step  cpu:    227.89 us/sample
k= 16 C=   1 B= 1024 generate   cpu:     17.92 us/sample
k= 16 C=   1 B= 1024 f(A) eigh  cpu:     24.83 us/sample
k= 16 C=   1 B= 1024 |A| SVD    cpu:     67.27 us/sample
k= 16 C=   1 B= 1024 contrast   cpu:     11.27 us/sample
k= 16 C=   1 B= 1024 channel    cpu:      2.68 us/sample
k= 16 C=   1 B= 1024 exp(tL)    cpu:  11359.65 us/sample
k= 16 C=   1 B= 1024 opt. step  cpu:    149.53 us/sample
k= 16 C=  16 B=   64 generate   cpu:    293.84 us/sample
k= 16 C=  16 B=   64 f(A) eigh  cpu:    497.82 us/sample
k= 16 C=  16 B=   64 |A| SVD    cpu:   1180.34 us/sample
k= 16 C=  16 B=   64 contrast   cpu:    253.49 us/sample
k= 16 C=  16 B=   64 channel    cpu:     53.24 us/sample
k= 16 C=  16 B=   64 exp(tL)    cpu: 205901.93 us/sample
k= 16 C=  16 B=   64 opt. step  cpu:   2367.41 us/sample
written: /home/user/von_neumann_type_i/paper/generated /home/user/von_neumann_type_i/paper/figures
[resources] wall 8 s, peak host RSS 0.75 GiB
