k=  4 C=   1 B= 4096 generate   cpu:     35.15 us/sample
k=  4 C=   1 B= 4096 f(A) eigh  cpu:     22.46 us/sample
k=  4 C=   1 B= 4096 |A| SVD    cpu:     25.41 us/sample
k=  4 C=   1 B= 4096 contrast   cpu:      7.79 us/sample
k=  4 C=   1 B= 4096 channel    cpu:     17.57 us/sample
k=  4 C=   1 B= 4096 exp(tL)    cpu:    421.44 us/sample
k=  4 C=   1 B= 4096 opt. step  cpu:    555.67 us/sample
k=  4 C=  16 B= 1024 generate   cpu:    410.09 us/sample
k=  4 C=  16 B= 1024 f(A) eigh  cpu:    351.57 us/sample
k=  4 C=  16 B= 1024 |A| SVD    cpu:    257.75 us/sample
k=  4 C=  16 B= 1024 contrast   cpu:     50.75 us/sample
k=  4 C=  16 B= 1024 channel    cpu:     70.35 us/sample
k=  4 C=  16 B= 1024 exp(tL)    cpu:  19421.12 us/sample
k=  4 C=  16 B= 1024 opt. step  cpu:   1971.37 us/sample
k= 16 C=   1 B= 1024 generate   cpu:     71.91 us/sample
k= 16 C=   1 B= 1024 f(A) eigh  cpu:     35.17 us/sample
k= 16 C=   1 B= 1024 |A| SVD    cpu:     47.43 us/sample
k= 16 C=   1 B= 1024 contrast   cpu:     23.43 us/sample
k= 16 C=   1 B= 1024 channel    cpu:     74.14 us/sample
k= 16 C=   1 B= 1024 exp(tL)    cpu: 2315877.72 us/sample
k= 16 C=   1 B= 1024 opt. step  cpu:   2332.05 us/sample
k= 16 C=  16 B=   64 generate   cpu:   6625.38 us/sample
k= 16 C=  16 B=   64 f(A) eigh  cpu:   3187.66 us/sample
k= 16 C=  16 B=   64 |A| SVD    cpu:   2734.44 us/sample
k= 16 C=  16 B=   64 contrast   cpu:    438.38 us/sample
k= 16 C=  16 B=   64 channel    cpu:   1124.92 us/sample
k= 16 C=  16 B=   64 exp(tL)    cpu: 4951859.56 us/sample
k= 16 C=  16 B=   64 opt. step  cpu: 219315.47 us/sample
written: /home/user/von_neumann_type_i/paper/v2/generated /home/user/von_neumann_type_i/paper/v2/figures
[resources] wall 240 s, peak host RSS 0.76 GiB
